struct C
{
	int c;
	int p;
};

struct S
{
	struct C (*b);
	int c;
	struct C (*j);
};

int (a(int c))
{
	struct S a;
	int b;
	int f;
	struct S (*(*(*d)));
	struct S (*da);
	int bcud;
	int k;
	int i;
	((!b) == f);
	((a.b)->c);
	((((d[7])[10])[c]).c);
	(bcud != 5);
	(k = ((b && b) || c));
	((f == b) != c);
	((f != b) == c);
	((f < b) == c);
	(f == (b < c));
	int x;
	((f < (!b)) < (&x));
	int ((*g)(void));
	(g());
	(((da[i]).j)->p);
	(d[(f == b)]);
	(d[(f == b)]);
	"bla";
	c;
	8;
	(d[8]);
}
