/Users/pklitzke/c4/tests/lexer/pass/fileCompare/commentAfterEqual.in:1:1: keyword int
/Users/pklitzke/c4/tests/lexer/pass/fileCompare/commentAfterEqual.in:1:5: identifier main
/Users/pklitzke/c4/tests/lexer/pass/fileCompare/commentAfterEqual.in:1:9: punctuator (
/Users/pklitzke/c4/tests/lexer/pass/fileCompare/commentAfterEqual.in:1:10: keyword int
/Users/pklitzke/c4/tests/lexer/pass/fileCompare/commentAfterEqual.in:1:14: identifier argc
/Users/pklitzke/c4/tests/lexer/pass/fileCompare/commentAfterEqual.in:1:18: punctuator ,
/Users/pklitzke/c4/tests/lexer/pass/fileCompare/commentAfterEqual.in:1:20: keyword char
/Users/pklitzke/c4/tests/lexer/pass/fileCompare/commentAfterEqual.in:1:24: punctuator *
/Users/pklitzke/c4/tests/lexer/pass/fileCompare/commentAfterEqual.in:1:26: identifier argv
/Users/pklitzke/c4/tests/lexer/pass/fileCompare/commentAfterEqual.in:1:30: punctuator [
/Users/pklitzke/c4/tests/lexer/pass/fileCompare/commentAfterEqual.in:1:31: punctuator ]
/Users/pklitzke/c4/tests/lexer/pass/fileCompare/commentAfterEqual.in:1:32: punctuator )
/Users/pklitzke/c4/tests/lexer/pass/fileCompare/commentAfterEqual.in:1:34: punctuator {
/Users/pklitzke/c4/tests/lexer/pass/fileCompare/commentAfterEqual.in:2:2: keyword char
/Users/pklitzke/c4/tests/lexer/pass/fileCompare/commentAfterEqual.in:2:6: punctuator *
/Users/pklitzke/c4/tests/lexer/pass/fileCompare/commentAfterEqual.in:2:8: identifier text
/Users/pklitzke/c4/tests/lexer/pass/fileCompare/commentAfterEqual.in:2:13: punctuator =
/Users/pklitzke/c4/tests/lexer/pass/fileCompare/commentAfterEqual.in:2:15: stringliteral "hihoha"
/Users/pklitzke/c4/tests/lexer/pass/fileCompare/commentAfterEqual.in:2:23: punctuator ;
/Users/pklitzke/c4/tests/lexer/pass/fileCompare/commentAfterEqual.in:3:2: keyword char
/Users/pklitzke/c4/tests/lexer/pass/fileCompare/commentAfterEqual.in:3:7: identifier t
/Users/pklitzke/c4/tests/lexer/pass/fileCompare/commentAfterEqual.in:3:9: punctuator =
/Users/pklitzke/c4/tests/lexer/pass/fileCompare/commentAfterEqual.in:3:9: punctuator =
/Users/pklitzke/c4/tests/lexer/pass/fileCompare/commentAfterEqual.in:3:39: constant 'o'
/Users/pklitzke/c4/tests/lexer/pass/fileCompare/commentAfterEqual.in:3:42: punctuator ;
/Users/pklitzke/c4/tests/lexer/pass/fileCompare/commentAfterEqual.in:4:2: keyword return
/Users/pklitzke/c4/tests/lexer/pass/fileCompare/commentAfterEqual.in:4:9: constant 0
/Users/pklitzke/c4/tests/lexer/pass/fileCompare/commentAfterEqual.in:4:10: punctuator ;
/Users/pklitzke/c4/tests/lexer/pass/fileCompare/commentAfterEqual.in:5:1: punctuator }
