test_cond_if_error.c:8:7: error: Expected ')' but found ';'
1 error(s)
