int (f(int ()));

int (g(int ((*x)())))
{
	return 0;
}
