all_ops.c:6:1: punctuator [
all_ops.c:6:2: punctuator ]
all_ops.c:6:3: punctuator (
all_ops.c:6:4: punctuator )
all_ops.c:6:5: punctuator {
all_ops.c:6:6: punctuator }
all_ops.c:6:7: punctuator .
all_ops.c:6:8: punctuator .
all_ops.c:6:9: punctuator .
all_ops.c:6:10: punctuator .
all_ops.c:6:11: punctuator ->
all_ops.c:6:13: punctuator ++
all_ops.c:6:15: punctuator +=
all_ops.c:6:17: punctuator +
all_ops.c:6:18: punctuator --
all_ops.c:6:20: punctuator -=
all_ops.c:6:22: punctuator -
all_ops.c:6:23: punctuator &&
all_ops.c:6:25: punctuator &=
all_ops.c:6:27: punctuator &
all_ops.c:6:28: punctuator ||
all_ops.c:6:30: punctuator |=
all_ops.c:6:32: punctuator |
all_ops.c:6:33: punctuator *=
all_ops.c:6:35: punctuator *
all_ops.c:6:36: punctuator ~
all_ops.c:6:37: punctuator !=
all_ops.c:6:39: punctuator !
all_ops.c:6:40: punctuator /=
all_ops.c:6:42: punctuator /
all_ops.c:6:43: punctuator %=
all_ops.c:6:45: punctuator %
all_ops.c:6:46: punctuator <<=
all_ops.c:6:49: punctuator >>
all_ops.c:6:51: punctuator <<
all_ops.c:6:53: punctuator >>=
all_ops.c:6:56: punctuator >
all_ops.c:6:57: punctuator <
all_ops.c:6:58: punctuator >=
all_ops.c:6:60: punctuator ==
all_ops.c:6:62: punctuator <=
all_ops.c:6:64: punctuator ^
all_ops.c:6:65: punctuator ^=
all_ops.c:6:67: punctuator ?
all_ops.c:6:68: punctuator :
all_ops.c:6:69: punctuator ;
all_ops.c:6:70: punctuator =
all_ops.c:6:71: punctuator ,
