/Users/pklitzke/c4/tests/lexer/pass/keywords/keyword.in:1:1: keyword auto
/Users/pklitzke/c4/tests/lexer/pass/keywords/keyword.in:2:1: keyword break
/Users/pklitzke/c4/tests/lexer/pass/keywords/keyword.in:3:1: keyword case
/Users/pklitzke/c4/tests/lexer/pass/keywords/keyword.in:4:1: keyword char
/Users/pklitzke/c4/tests/lexer/pass/keywords/keyword.in:5:1: keyword const
/Users/pklitzke/c4/tests/lexer/pass/keywords/keyword.in:6:1: keyword continue
/Users/pklitzke/c4/tests/lexer/pass/keywords/keyword.in:7:1: keyword default
/Users/pklitzke/c4/tests/lexer/pass/keywords/keyword.in:8:1: keyword do
/Users/pklitzke/c4/tests/lexer/pass/keywords/keyword.in:9:1: keyword double
/Users/pklitzke/c4/tests/lexer/pass/keywords/keyword.in:10:1: keyword else
/Users/pklitzke/c4/tests/lexer/pass/keywords/keyword.in:11:1: keyword enum
/Users/pklitzke/c4/tests/lexer/pass/keywords/keyword.in:12:1: keyword extern
/Users/pklitzke/c4/tests/lexer/pass/keywords/keyword.in:13:1: keyword float
/Users/pklitzke/c4/tests/lexer/pass/keywords/keyword.in:14:1: keyword for
/Users/pklitzke/c4/tests/lexer/pass/keywords/keyword.in:15:1: keyword goto
/Users/pklitzke/c4/tests/lexer/pass/keywords/keyword.in:16:1: keyword if
/Users/pklitzke/c4/tests/lexer/pass/keywords/keyword.in:17:1: keyword inline
/Users/pklitzke/c4/tests/lexer/pass/keywords/keyword.in:18:1: keyword int
/Users/pklitzke/c4/tests/lexer/pass/keywords/keyword.in:19:1: keyword long
/Users/pklitzke/c4/tests/lexer/pass/keywords/keyword.in:20:1: keyword register
/Users/pklitzke/c4/tests/lexer/pass/keywords/keyword.in:21:1: keyword restrict
/Users/pklitzke/c4/tests/lexer/pass/keywords/keyword.in:22:1: keyword return
/Users/pklitzke/c4/tests/lexer/pass/keywords/keyword.in:23:1: keyword short
/Users/pklitzke/c4/tests/lexer/pass/keywords/keyword.in:24:1: keyword signed
/Users/pklitzke/c4/tests/lexer/pass/keywords/keyword.in:25:1: keyword sizeof
/Users/pklitzke/c4/tests/lexer/pass/keywords/keyword.in:26:1: keyword static
/Users/pklitzke/c4/tests/lexer/pass/keywords/keyword.in:27:1: keyword struct
/Users/pklitzke/c4/tests/lexer/pass/keywords/keyword.in:28:1: keyword switch
/Users/pklitzke/c4/tests/lexer/pass/keywords/keyword.in:29:1: keyword typedef
/Users/pklitzke/c4/tests/lexer/pass/keywords/keyword.in:30:1: keyword union
/Users/pklitzke/c4/tests/lexer/pass/keywords/keyword.in:31:1: keyword unsigned
/Users/pklitzke/c4/tests/lexer/pass/keywords/keyword.in:32:1: keyword void
/Users/pklitzke/c4/tests/lexer/pass/keywords/keyword.in:33:1: keyword volatile
/Users/pklitzke/c4/tests/lexer/pass/keywords/keyword.in:34:1: keyword while
/Users/pklitzke/c4/tests/lexer/pass/keywords/keyword.in:35:1: keyword _Alignas
/Users/pklitzke/c4/tests/lexer/pass/keywords/keyword.in:36:1: keyword _Alignof
/Users/pklitzke/c4/tests/lexer/pass/keywords/keyword.in:37:1: keyword _Atomic
/Users/pklitzke/c4/tests/lexer/pass/keywords/keyword.in:38:1: keyword _Bool
/Users/pklitzke/c4/tests/lexer/pass/keywords/keyword.in:39:1: keyword _Complex
/Users/pklitzke/c4/tests/lexer/pass/keywords/keyword.in:40:1: keyword _Generic
/Users/pklitzke/c4/tests/lexer/pass/keywords/keyword.in:41:1: keyword _Imaginary
/Users/pklitzke/c4/tests/lexer/pass/keywords/keyword.in:42:1: keyword _Noreturn
/Users/pklitzke/c4/tests/lexer/pass/keywords/keyword.in:43:1: keyword _Static_assert
/Users/pklitzke/c4/tests/lexer/pass/keywords/keyword.in:44:1: keyword _Thread_local
