comment_with_CR_only.c:2:1: keyword int
comment_with_CR_only.c:2:5: identifier this_must_show_up
comment_with_CR_only.c:2:22: punctuator ;
